Archive member included to satisfy reference by file (symbol)

C:\Users\leo\Documents\LPCXpresso_8.2.2_650\workspace\CMSISv1p30_LPC17xx\Debug\libCMSISv1p30_LPC17xx.a(core_cm3.o)
                              ./trace/trcSnapshotRecorder.o (__get_PRIMASK)
C:\Users\leo\Documents\LPCXpresso_8.2.2_650\workspace\CMSISv1p30_LPC17xx\Debug\libCMSISv1p30_LPC17xx.a(system_LPC17xx.o)
                              ./trace/trcSnapshotRecorder.o (SystemCoreClock)
C:\Users\leo\Documents\LPCXpresso_8.2.2_650\workspace\FreeRTOS_Library\Debug\libFreeRTOS_Library.a(port.o)
                              ./cr_startup_lpc17.o (vPortSVCHandler)
C:\Users\leo\Documents\LPCXpresso_8.2.2_650\workspace\FreeRTOS_Library\Debug\libFreeRTOS_Library.a(queue.o)
                              ./Parte_2.o (xQueueGenericCreate)
C:\Users\leo\Documents\LPCXpresso_8.2.2_650\workspace\FreeRTOS_Library\Debug\libFreeRTOS_Library.a(tasks.o)
                              ./Parte_2.o (xTaskGenericCreate)
C:\Users\leo\Documents\LPCXpresso_8.2.2_650\workspace\FreeRTOS_Library\Debug\libFreeRTOS_Library.a(heap_2.o)
                              C:\Users\leo\Documents\LPCXpresso_8.2.2_650\workspace\FreeRTOS_Library\Debug\libFreeRTOS_Library.a(queue.o) (pvPortMalloc)
C:\Users\leo\Documents\LPCXpresso_8.2.2_650\workspace\FreeRTOS_Library\Debug\libFreeRTOS_Library.a(list.o)
                              C:\Users\leo\Documents\LPCXpresso_8.2.2_650\workspace\FreeRTOS_Library\Debug\libFreeRTOS_Library.a(queue.o) (vListInitialise)
c:/nxp/lpcxpresso_8.2.2_650/lpcxpresso/tools/bin/../lib/gcc/arm-none-eabi/5.4.1/../../../../arm-none-eabi/lib/armv7-m\libcr_nohost.a(_cr__main.o)
                              ./cr_startup_lpc17.o (__main)
c:/nxp/lpcxpresso_8.2.2_650/lpcxpresso/tools/bin/../lib/gcc/arm-none-eabi/5.4.1/../../../../arm-none-eabi/lib/armv7-m\libcr_c.a(memcpy.o)
                              ./trace/trcSnapshotRecorder.o (memcpy)
c:/nxp/lpcxpresso_8.2.2_650/lpcxpresso/tools/bin/../lib/gcc/arm-none-eabi/5.4.1/../../../../arm-none-eabi/lib/armv7-m\libcr_c.a(memset.o)
                              ./trace/trcSnapshotRecorder.o (memset)
c:/nxp/lpcxpresso_8.2.2_650/lpcxpresso/tools/bin/../lib/gcc/arm-none-eabi/5.4.1/../../../../arm-none-eabi/lib/armv7-m\libcr_c.a(cr_time.o)
                              ./Parte_3.o (time)
c:/nxp/lpcxpresso_8.2.2_650/lpcxpresso/tools/bin/../lib/gcc/arm-none-eabi/5.4.1/../../../../arm-none-eabi/lib/armv7-m\libcr_c.a(initio.o)
                              c:/nxp/lpcxpresso_8.2.2_650/lpcxpresso/tools/bin/../lib/gcc/arm-none-eabi/5.4.1/../../../../arm-none-eabi/lib/armv7-m\libcr_nohost.a(_cr__main.o) (_initio)
c:/nxp/lpcxpresso_8.2.2_650/lpcxpresso/tools/bin/../lib/gcc/arm-none-eabi/5.4.1/../../../../arm-none-eabi/lib/armv7-m\libcr_c.a(itoa.o)
                              ./inc/serial.o (itoa)
c:/nxp/lpcxpresso_8.2.2_650/lpcxpresso/tools/bin/../lib/gcc/arm-none-eabi/5.4.1/../../../../arm-none-eabi/lib/armv7-m\libcr_c.a(setvbuf.o)
                              c:/nxp/lpcxpresso_8.2.2_650/lpcxpresso/tools/bin/../lib/gcc/arm-none-eabi/5.4.1/../../../../arm-none-eabi/lib/armv7-m\libcr_c.a(initio.o) (setvbuf)
c:/nxp/lpcxpresso_8.2.2_650/lpcxpresso/tools/bin/../lib/gcc/arm-none-eabi/5.4.1/../../../../arm-none-eabi/lib/armv7-m\libcr_c.a(stdio.o)
                              c:/nxp/lpcxpresso_8.2.2_650/lpcxpresso/tools/bin/../lib/gcc/arm-none-eabi/5.4.1/../../../../arm-none-eabi/lib/armv7-m\libcr_c.a(initio.o) (__Ciob)
c:/nxp/lpcxpresso_8.2.2_650/lpcxpresso/tools/bin/../lib/gcc/arm-none-eabi/5.4.1/../../../../arm-none-eabi/lib/armv7-m\libcr_c.a(stdlib.o)
                              ./Parte_3.o (rand)
c:/nxp/lpcxpresso_8.2.2_650/lpcxpresso/tools/bin/../lib/gcc/arm-none-eabi/5.4.1/../../../../arm-none-eabi/lib/armv7-m\libcr_c.a(strncmp.o)
                              ./trace/trcSnapshotRecorder.o (strncmp)
c:/nxp/lpcxpresso_8.2.2_650/lpcxpresso/tools/bin/../lib/gcc/arm-none-eabi/5.4.1/../../../../arm-none-eabi/lib/armv7-m\libcr_c.a(__fillbuf.o)
                              c:/nxp/lpcxpresso_8.2.2_650/lpcxpresso/tools/bin/../lib/gcc/arm-none-eabi/5.4.1/../../../../arm-none-eabi/lib/armv7-m\libcr_c.a(stdio.o) (__filbuf)
c:/nxp/lpcxpresso_8.2.2_650/lpcxpresso/tools/bin/../lib/gcc/arm-none-eabi/5.4.1/../../../../arm-none-eabi/lib/armv7-m\libcr_c.a(_deferredlazyseek.o)
                              c:/nxp/lpcxpresso_8.2.2_650/lpcxpresso/tools/bin/../lib/gcc/arm-none-eabi/5.4.1/../../../../arm-none-eabi/lib/armv7-m\libcr_c.a(__fillbuf.o) (_deferredlazyseek)
c:/nxp/lpcxpresso_8.2.2_650/lpcxpresso/tools/bin/../lib/gcc/arm-none-eabi/5.4.1/../../../../arm-none-eabi/lib/armv7-m\libcr_c.a(_fdopen.o)
                              c:/nxp/lpcxpresso_8.2.2_650/lpcxpresso/tools/bin/../lib/gcc/arm-none-eabi/5.4.1/../../../../arm-none-eabi/lib/armv7-m\libcr_c.a(initio.o) (_fdopen)
c:/nxp/lpcxpresso_8.2.2_650/lpcxpresso/tools/bin/../lib/gcc/arm-none-eabi/5.4.1/../../../../arm-none-eabi/lib/armv7-m\libcr_c.a(_fflush.o)
[...]
Memory Configuration

Name             Origin             Length             Attributes
MFlash512        0x00000000         0x00080000         xr
RamLoc32         0x10000000         0x00008000         xrw
RamAHB32         0x2007c000         0x00008000         xrw
*default*        0x00000000         0xffffffff

Linker script and memory map

LOAD ./trace/trcKernelPort.o
LOAD ./trace/trcSnapshotRecorder.o
LOAD ./trace/trcStreamingRecorder.o
LOAD ./inc/fifo.o
LOAD ./inc/serial.o
LOAD ./Parte_2.o
LOAD ./Parte_3.o
LOAD ./cr_startup_lpc17.o
LOAD C:\Users\leo\Documents\LPCXpresso_8.2.2_650\workspace\CMSISv1p30_LPC17xx\Debug\libCMSISv1p30_LPC17xx.a
LOAD C:\Users\leo\Documents\LPCXpresso_8.2.2_650\workspace\FreeRTOS_Library\Debug\libFreeRTOS_Library.a
START GROUP
LOAD c:/nxp/lpcxpresso_8.2.2_650/lpcxpresso/tools/bin/../lib/gcc/arm-none-eabi/5.4.1/../../../../arm-none-eabi/lib/armv7-m\libcr_nohost.a
LOAD c:/nxp/lpcxpresso_8.2.2_650/lpcxpresso/tools/bin/../lib/gcc/arm-none-eabi/5.4.1/../../../../arm-none-eabi/lib/armv7-m\libcr_c.a
LOAD c:/nxp/lpcxpresso_8.2.2_650/lpcxpresso/tools/bin/../lib/gcc/arm-none-eabi/5.4.1/armv7-m\libcr_eabihelpers.a
END GROUP
                0x00000000                __base_MFlash512 = 0x0
                0x00000000                __base_Flash = 0x0
                0x00080000                __top_MFlash512 = 0x80000
                0x00080000                __top_Flash = 0x80000
                0x10000000                __base_RamLoc32 = 0x10000000
                0x10000000                __base_RAM = 0x10000000
                0x10008000                __top_RamLoc32 = 0x10008000
                0x10008000                __top_RAM = 0x10008000
                0x2007c000                __base_RamAHB32 = 0x2007c000
                0x2007c000                __base_RAM2 = 0x2007c000
                0x20084000                __top_RamAHB32 = 0x20084000
                0x20084000                __top_RAM2 = 0x20084000

.text           0x00000000     0x6190
 FILL mask 0xff
                0x00000000                __vectors_start__ = ABSOLUTE (.)
 *(.isr_vector)
 .isr_vector    0x00000000       0xcc ./cr_startup_lpc17.o
                0x00000000                g_pfnVectors
                0x000000cc                . = ALIGN (0x4)
                0x000000cc                __section_table_start = .
                0x000000cc                __data_section_table = .
                0x000000cc        0x4 LONG 0x6190 LOADADDR (.data)
                0x000000d0        0x4 LONG 0x10000000 ADDR (.data)
                0x000000d4        0x4 LONG 0x10c SIZEOF (.data)
                0x000000d8        0x4 LONG 0x6190 LOADADDR (.data_RAM2)
                0x000000dc        0x4 LONG 0x2007c000 ADDR (.data_RAM2)
                0x000000e0        0x4 LONG 0x0 SIZEOF (.data_RAM2)
                0x000000e4                __data_section_table_end = .
                0x000000e4                __bss_section_table = .
                0x000000e4        0x4 LONG 0x1000010c ADDR (.bss)
                0x000000e8        0x4 LONG 0x2bb4 SIZEOF (.bss)
                0x000000ec        0x4 LONG 0x2007c000 ADDR (.bss_RAM2)
                0x000000f0        0x4 LONG 0x0 SIZEOF (.bss_RAM2)
                0x000000f4                __bss_section_table_end = .
                0x000000f4                __section_table_end = .
 *(.after_vectors*)
 *(.text*)
 .text.prvTraceGetCurrentTaskHandle
                0x000000f4       0x10 ./trace/trcKernelPort.o
                0x000000f4                prvTraceGetCurrentTaskHandle
 .text.prvTraceGetObjectNumber
                0x00000104       0x18 ./trace/trcKernelPort.o
                0x00000104                prvTraceGetObjectNumber
 .text.prvTraceGetObjectType
                0x0000011c       0x18 ./trace/trcKernelPort.o
                0x0000011c                prvTraceGetObjectType
 .text.prvTraceGetTaskNumber
                0x00000134       0x1c ./trace/trcKernelPort.o
                0x00000134                prvTraceGetTaskNumber
 .text.vTraceInitObjectPropertyTable
                0x00000150      0x144 ./trace/trcKernelPort.o
                0x00000150                vTraceInitObjectPropertyTable
 .text.vTraceInitObjectHandleStack
                0x00000294       0x9c ./trace/trcKernelPort.o
                0x00000294                vTraceInitObjectHandleStack
 .text.pszTraceGetErrorNotEnoughHandles
                0x00000330       0x7c ./trace/trcKernelPort.o
                0x00000330                pszTraceGetErrorNotEnoughHandles
 .text.uiTraceIsObjectExcluded
                0x000003ac      0x160 ./trace/trcKernelPort.o
                0x000003ac                uiTraceIsObjectExcluded
 .text.vTraceEnable
                0x0000050c       0x44 ./trace/trcSnapshotRecorder.o
                0x0000050c                vTraceEnable
 .text.uiTraceStart
                0x00000550       0xc4 ./trace/trcSnapshotRecorder.o
                0x00000550                uiTraceStart
 .text.vTraceStart
                0x00000614        0xc ./trace/trcSnapshotRecorder.o
                0x00000614                vTraceStart
 .text.vTraceStop
                0x00000620       0x28 ./trace/trcSnapshotRecorder.o
                0x00000620                vTraceStop
 .text.prvTraceStoreTaskReady
                0x00000648       0xe0 ./trace/trcSnapshotRecorder.o
                0x00000648                prvTraceStoreTaskReady
 .text.prvTraceStoreKernelCall
                0x00000728      0x138 ./trace/trcSnapshotRecorder.o
                0x00000728                prvTraceStoreKernelCall
 .text.prvTraceStoreKernelCallWithParam
                0x00000860      0x144 ./trace/trcSnapshotRecorder.o
                0x00000860                prvTraceStoreKernelCallWithParam
 .text.prvTraceGetParam
                0x000009a4       0x64 ./trace/trcSnapshotRecorder.o
 .text.prvTraceStoreKernelCallWithNumericParamOnly
                0x00000a08       0xf4 ./trace/trcSnapshotRecorder.o
                0x00000a08                prvTraceStoreKernelCallWithNumericParamOnly
 .text.prvTraceStoreTaskswitch
                0x00000afc      0x124 ./trace/trcSnapshotRecorder.o
                0x00000afc                prvTraceStoreTaskswitch
 .text.prvTraceStoreObjectNameOnCloseEvent
                0x00000c20       0xa4 ./trace/trcSnapshotRecorder.o
                0x00000c20                prvTraceStoreObjectNameOnCloseEvent
 .text.prvTraceStoreObjectPropertiesOnCloseEvent
                0x00000cc4       0xd0 ./trace/trcSnapshotRecorder.o
                0x00000cc4                prvTraceStoreObjectPropertiesOnCloseEvent
 .text.prvTraceSetPriorityProperty
                0x00000d94       0x78 ./trace/trcSnapshotRecorder.o
                0x00000d94                prvTraceSetPriorityProperty
 .text.prvTraceGetPriorityProperty
                0x00000e0c       0x7c ./trace/trcSnapshotRecorder.o
                0x00000e0c                prvTraceGetPriorityProperty
 .text.prvTraceSetObjectState
                0x00000e88       0x78 ./trace/trcSnapshotRecorder.o
                0x00000e88                prvTraceSetObjectState
 .text.prvTraceGetObjectState
                0x00000f00       0x78 ./trace/trcSnapshotRecorder.o
 .text.prvTraceSetTaskInstanceFinished
                0x00000f78       0x54 ./trace/trcSnapshotRecorder.o
                0x00000f78                prvTraceSetTaskInstanceFinished
 .text.prvTraceInitTraceData
                0x00000fcc      0x1fc ./trace/trcSnapshotRecorder.o
 .text.prvTraceNextFreeEventBufferSlot
                0x000011c8       0x48 ./trace/trcSnapshotRecorder.o
 .text.uiIndexOfObject
                0x00001210       0xb0 ./trace/trcSnapshotRecorder.o
                0x00001210                uiIndexOfObject
 .text.prvTraceGetObjectHandle
                0x000012c0      0x24c ./trace/trcSnapshotRecorder.o
                0x000012c0                prvTraceGetObjectHandle
 .text.prvTraceFreeObjectHandle
                0x0000150c       0xa4 ./trace/trcSnapshotRecorder.o
                0x0000150c                prvTraceFreeObjectHandle
 .text.prvMarkObjectAsUsed
                0x000015b0       0x3c ./trace/trcSnapshotRecorder.o
                0x000015b0                prvMarkObjectAsUsed
 .text.prvStrncpy
                0x000015ec       0x50 ./trace/trcSnapshotRecorder.o
 .text.prvTraceSetObjectName
                0x0000163c       0xbc ./trace/trcSnapshotRecorder.o
                0x0000163c                prvTraceSetObjectName
 .text.prvTraceOpenSymbol
                0x000016f8       0x94 ./trace/trcSnapshotRecorder.o
 .text.prvTraceError
                0x0000178c       0x50 ./trace/trcSnapshotRecorder.o
                0x0000178c                prvTraceError
 .text.prvCheckDataToBeOverwrittenForMultiEntryEvents
                0x000017dc      0x11c ./trace/trcSnapshotRecorder.o
 .text.prvTraceUpdateCounters
                0x000018f8       0x50 ./trace/trcSnapshotRecorder.o
 .text.prvTraceGetDTS
                0x00001948      0x1b4 ./trace/trcSnapshotRecorder.o
 .text.prvTraceLookupSymbolTableEntry
                0x00001afc       0xfc ./trace/trcSnapshotRecorder.o
 .text.prvTraceCreateSymbolTableEntry
                0x00001bf8      0x184 ./trace/trcSnapshotRecorder.o
 .text.prvTraceGetChecksum
                0x00001d7c       0x90 ./trace/trcSnapshotRecorder.o
 .text.prvTraceInitCortexM
                0x00001e0c       0x6c ./trace/trcSnapshotRecorder.o
                0x00001e0c                prvTraceInitCortexM
 .text.prvTracePortGetTimeStamp
                0x00001e78       0x94 ./trace/trcSnapshotRecorder.o
                0x00001e78                prvTracePortGetTimeStamp
 .text.NVIC_EnableIRQ
                0x00001f0c       0x30 ./inc/serial.o
 .text.UART0_IRQHandler
                0x00001f3c      0x108 ./inc/serial.o
                0x00001f3c                UART0_IRQHandler
 .text.UART1_IRQHandler
                0x00002044      0x108 ./inc/serial.o
                0x00002044                UART1_IRQHandler
 .text.UART3_IRQHandler
                0x0000214c      0x11c ./inc/serial.o
                0x0000214c                UART3_IRQHandler
 .text.Serial_begin
                0x00002268      0x218 ./inc/serial.o
                0x00002268                Serial_begin
 .text.Serial_write
                0x00002480       0xa0 ./inc/serial.o
                0x00002480                Serial_write
 .text.Serial_read
                0x00002520       0xdc ./inc/serial.o
                0x00002520                Serial_read
 .text.main     0x000025fc       0xac ./Parte_3.o
                0x000025fc                main
 .text.prvQueueReceiveTask
                0x000026a8       0x90 ./Parte_3.o
 .text.prvUARTTask
                0x00002738       0xdc ./Parte_3.o
 .text.prvQueueSendTask
                0x00002814       0x84 ./Parte_3.o
 .text.ResetISR
                0x00002898       0x58 ./cr_startup_lpc17.o
                0x00002898                ResetISR
 .text.NMI_Handler
                0x000028f0        0x8 ./cr_startup_lpc17.o
                0x000028f0                NMI_Handler
 .text.HardFault_Handler
                0x000028f8        0x8 ./cr_startup_lpc17.o
                0x000028f8                HardFault_Handler
 .text.MemManage_Handler
                0x00002900        0x8 ./cr_startup_lpc17.o
                0x00002900                MemManage_Handler
 .text.BusFault_Handler
                0x00002908        0x8 ./cr_startup_lpc17.o
                0x00002908                BusFault_Handler
 .text.UsageFault_Handler
                0x00002910        0x8 ./cr_startup_lpc17.o
                0x00002910                UsageFault_Handler
 .text.DebugMon_Handler
                0x00002918        0x8 ./cr_startup_lpc17.o
                0x00002918                DebugMon_Handler
 .text.IntDefaultHandler
                0x00002920        0x8 ./cr_startup_lpc17.o
                0x00002920                TIMER2_IRQHandler
                0x00002920                RIT_IRQHandler
                0x00002920                I2C0_IRQHandler
                0x00002920                USBActivity_IRQHandler
                0x00002920                PWM1_IRQHandler
                0x00002920                I2C1_IRQHandler
                0x00002920                EINT2_IRQHandler
                0x00002920                EINT3_IRQHandler
                0x00002920                CANActivity_IRQHandler
                0x00002920                TIMER3_IRQHandler
                0x00002920                IntDefaultHandler
                0x00002920                PLL0_IRQHandler
                0x00002920                CAN_IRQHandler
                0x00002920                PLL1_IRQHandler
                0x00002920                SSP0_IRQHandler
                0x00002920                I2S_IRQHandler
                0x00002920                I2C2_IRQHandler
                0x00002920                RTC_IRQHandler
                0x00002920                TIMER0_IRQHandler
                0x00002920                SPI_IRQHandler
                0x00002920                EINT1_IRQHandler
                0x00002920                TIMER1_IRQHandler
                0x00002920                UART2_IRQHandler
                0x00002920                ADC_IRQHandler
                0x00002920                SSP1_IRQHandler
                0x00002920                USB_IRQHandler
                0x00002920                BOD_IRQHandler
                0x00002920                WDT_IRQHandler
                0x00002920                QEI_IRQHandler
                0x00002920                EINT0_IRQHandler
                0x00002920                DMA_IRQHandler
                0x00002920                MCPWM_IRQHandler
                0x00002920                ENET_IRQHandler
 .text.__get_PRIMASK
                0x00002928       0x1c C:\Users\leo\Documents\LPCXpresso_8.2.2_650\workspace\CMSISv1p30_LPC17xx\Debug\libCMSISv1p30_LPC17xx.a(core_cm3.o)
                0x00002928                __get_PRIMASK
 .text.__set_PRIMASK
                0x00002944       0x18 C:\Users\leo\Documents\LPCXpresso_8.2.2_650\workspace\CMSISv1p30_LPC17xx\Debug\libCMSISv1p30_LPC17xx.a(core_cm3.o)
                0x00002944                __set_PRIMASK
 .text.SystemInit
                0x0000295c      0x138 C:\Users\leo\Documents\LPCXpresso_8.2.2_650\workspace\CMSISv1p30_LPC17xx\Debug\libCMSISv1p30_LPC17xx.a(system_LPC17xx.o)
                0x0000295c                SystemInit
 .text          0x00002a94      0x170 C:\Users\leo\Documents\LPCXpresso_8.2.2_650\workspace\FreeRTOS_Library\Debug\libFreeRTOS_Library.a(port.o)
                0x00002aa4                pxPortInitialiseStack
                0x00002ac0                vPortSVCHandler
                0x00002ae0                vPortEndScheduler
                0x00002ae4                vPortYield
                0x00002afc                ulPortSetInterruptMask
                0x00002b0c                vPortEnterCritical
                0x00002b28                vPortClearInterruptMask
                0x00002b30                vPortExitCritical
                0x00002b48                xPortPendSVHandler
                0x00002b84                xPortSysTickHandler
                0x00002ba4                vPortSetupTimerInterrupt
                0x00002bd0                xPortStartScheduler
 .text          0x00002c04      0x9b8 C:\Users\leo\Documents\LPCXpresso_8.2.2_650\workspace\FreeRTOS_Library\Debug\libFreeRTOS_Library.a(queue.o)
                0x00002d10                xQueueGenericReset
                0x00002d6c                xQueueGenericCreate
                0x00002e30                xQueueCreateCountingSemaphore
                0x00002e48                xQueueGenericSend
                0x00002ffc                xQueueCreateMutex
                0x000030c8                xQueueGenericSendFromISR
                0x000031a8                xQueueGenericReceive
                0x000033d0                xQueueReceiveFromISR
                0x000034ac                xQueuePeekFromISR
                0x000034d8                uxQueueMessagesWaiting
                0x000034ec                uxQueueMessagesWaitingFromISR
                0x000034f0                vQueueDelete
                0x00003588                ucQueueGetQueueNumber
                0x00003590                vQueueSetQueueNumber
                0x00003598                ucQueueGetQueueType
                0x000035a0                xQueueIsQueueEmptyFromISR
                0x000035ac                xQueueIsQueueFullFromISR
 .text          0x000035bc      0xe00 C:\Users\leo\Documents\LPCXpresso_8.2.2_650\workspace\FreeRTOS_Library\Debug\libFreeRTOS_Library.a(tasks.o)
                0x00003694                xTaskGenericCreate
                0x00003894                vTaskDelete
                0x0000395c                uxTaskPriorityGet
                0x00003978                vTaskPrioritySet
                0x00003a58                xTaskIsTaskSuspended
                0x00003a7c                vTaskResume
                0x00003afc                xTaskResumeFromISR
                0x00003b9c                vTaskStartScheduler
                0x00003be0                vTaskEndScheduler
                0x00003bf8                vTaskSuspendAll
                0x00003c0c                xTaskGetTickCount
                0x00003c24                xTaskGetTickCountFromISR
                0x00003c3c                uxTaskGetNumberOfTasks
                0x00003c48                xTaskIncrementTick
                0x00003d74                xTaskResumeAll
                0x00003e54                vTaskDelayUntil
                0x00003ec8                vTaskDelay
                0x00003f68                uxTaskGetSystemState
                0x00003ff8                vTaskSwitchContext
                0x0000408c                vTaskSuspend
                0x00004108                vTaskPlaceOnEventList
                0x00004144                xTaskRemoveFromEventList
                0x000041b8                vTaskSetTimeOutState
                0x000041cc                xTaskCheckForTimeOut
                0x00004224                vTaskMissedYield
                0x00004234                uxTaskGetTaskNumber
                0x00004240                vTaskSetTaskNumber
                0x00004248                xTaskGetCurrentTaskHandle
                0x00004254                xTaskGetSchedulerState
                0x00004274                vTaskPriorityInherit
                0x0000432c                vTaskPriorityDisinherit
 .text          0x000043bc      0x11c C:\Users\leo\Documents\LPCXpresso_8.2.2_650\workspace\FreeRTOS_Library\Debug\libFreeRTOS_Library.a(heap_2.o)
                0x000043bc                pvPortMalloc
                0x00004484                vPortFree
                0x000044c8                xPortGetFreeHeapSize
                0x000044d4                vPortInitialiseBlocks
 .text          0x000044d8       0x90 C:\Users\leo\Documents\LPCXpresso_8.2.2_650\workspace\FreeRTOS_Library\Debug\libFreeRTOS_Library.a(list.o)
                0x000044d8                vListInitialise
                0x000044f0                vListInitialiseItem
                0x000044f8                vListInsertEnd
                0x00004510                vListInsert
                0x00004544                uxListRemove
 .text.__main   0x00004568       0x14 c:/nxp/lpcxpresso_8.2.2_650/lpcxpresso/tools/bin/../lib/gcc/arm-none-eabi/5.4.1/../../../../arm-none-eabi/lib/armv7-m\libcr_nohost.a(_cr__main.o)
                0x00004568                __main
 .text.memcpy   0x0000457c        0x4 c:/nxp/lpcxpresso_8.2.2_650/lpcxpresso/tools/bin/../lib/gcc/arm-none-eabi/5.4.1/../../../../arm-none-eabi/lib/armv7-m\libcr_c.a(memcpy.o)
                0x0000457c                memcpy
 .text.memset   0x00004580        0x4 c:/nxp/lpcxpresso_8.2.2_650/lpcxpresso/tools/bin/../lib/gcc/arm-none-eabi/5.4.1/../../../../arm-none-eabi/lib/armv7-m\libcr_c.a(memset.o)
                0x00004580                memset
 .text.time     0x00004584        0xe c:/nxp/lpcxpresso_8.2.2_650/lpcxpresso/tools/bin/../lib/gcc/arm-none-eabi/5.4.1/../../../../arm-none-eabi/lib/armv7-m\libcr_c.a(cr_time.o)
                0x00004584                time
 *fill*         0x00004592        0x2 ff
 .text._initio  0x00004594       0xa4 c:/nxp/lpcxpresso_8.2.2_650/lpcxpresso/tools/bin/../lib/gcc/arm-none-eabi/5.4.1/../../../../arm-none-eabi/lib/armv7-m\libcr_c.a(initio.o)
                0x00004594                _initio
 .text.setvbuf  0x00004638       0x40 c:/nxp/lpcxpresso_8.2.2_650/lpcxpresso/tools/bin/../lib/gcc/arm-none-eabi/5.4.1/../../../../arm-none-eabi/lib/armv7-m\libcr_c.a(setvbuf.o)
                0x00004638                setvbuf
 .text.rand     0x00004678       0x3c c:/nxp/lpcxpresso_8.2.2_650/lpcxpresso/tools/bin/../lib/gcc/arm-none-eabi/5.4.1/../../../../arm-none-eabi/lib/armv7-m\libcr_c.a(stdlib.o)
                0x00004678                rand
 .text.srand    0x000046b4       0x40 c:/nxp/lpcxpresso_8.2.2_650/lpcxpresso/tools/bin/../lib/gcc/arm-none-eabi/5.4.1/../../../../arm-none-eabi/lib/armv7-m\libcr_c.a(stdlib.o)
                0x000046b4                srand
 .text.strncmp  0x000046f4       0x56 c:/nxp/lpcxpresso_8.2.2_650/lpcxpresso/tools/bin/../lib/gcc/arm-none-eabi/5.4.1/../../../../arm-none-eabi/lib/armv7-m\libcr_c.a(strncmp.o)
                0x000046f4                strncmp
 .text._deferredlazyseek
                0x0000474a       0x44 c:/nxp/lpcxpresso_8.2.2_650/lpcxpresso/tools/bin/../lib/gcc/arm-none-eabi/5.4.1/../../../../arm-none-eabi/lib/armv7-m\libcr_c.a(_deferredlazyseek.o)
                0x0000474a                _deferredlazyseek
 .text._fdopen  0x0000478e       0x6a c:/nxp/lpcxpresso_8.2.2_650/lpcxpresso/tools/bin/../lib/gcc/arm-none-eabi/5.4.1/../../../../arm-none-eabi/lib/armv7-m\libcr_c.a(_fdopen.o)
                0x0000478e                _fdopen
 .text._fflush  0x000047f8       0x58 c:/nxp/lpcxpresso_8.2.2_650/lpcxpresso/tools/bin/../lib/gcc/arm-none-eabi/5.4.1/../../../../arm-none-eabi/lib/armv7-m\libcr_c.a(_fflush.o)
                0x000047f8                _fflush
 .text._Cwritebuf
                0x00004850       0x68 c:/nxp/lpcxpresso_8.2.2_650/lpcxpresso/tools/bin/../lib/gcc/arm-none-eabi/5.4.1/../../../../arm-none-eabi/lib/armv7-m\libcr_c.a(_writebuf.o)
                0x00004850                _Cwritebuf
 .text.malloc   0x000048b8       0xc8 c:/nxp/lpcxpresso_8.2.2_650/lpcxpresso/tools/bin/../lib/gcc/arm-none-eabi/5.4.1/../../../../arm-none-eabi/lib/armv7-m\libcr_c.a(alloc.o)
                0x000048b8                malloc
 .text.free     0x00004980       0x30 c:/nxp/lpcxpresso_8.2.2_650/lpcxpresso/tools/bin/../lib/gcc/arm-none-eabi/5.4.1/../../../../arm-none-eabi/lib/armv7-m\libcr_c.a(alloc.o)
                0x00004980                free
 .text._Csys_alloc
                0x000049b0       0x20 c:/nxp/lpcxpresso_8.2.2_650/lpcxpresso/tools/bin/../lib/gcc/arm-none-eabi/5.4.1/../../../../arm-none-eabi/lib/armv7-m\libcr_c.a(alloc.o)
                0x000049b0                _Csys_alloc
 .text.fclose   0x000049d0       0x6c c:/nxp/lpcxpresso_8.2.2_650/lpcxpresso/tools/bin/../lib/gcc/arm-none-eabi/5.4.1/../../../../arm-none-eabi/lib/armv7-m\libcr_c.a(fclose.o)
                0x000049d0                fclose
 .text.fflush   0x00004a3c       0x30 c:/nxp/lpcxpresso_8.2.2_650/lpcxpresso/tools/bin/../lib/gcc/arm-none-eabi/5.4.1/../../../../arm-none-eabi/lib/armv7-m\libcr_c.a(fflush.o)
                0x00004a3c                fflush
 .text.fseek    0x00004a6c      0x110 c:/nxp/lpcxpresso_8.2.2_650/lpcxpresso/tools/bin/../lib/gcc/arm-none-eabi/5.4.1/../../../../arm-none-eabi/lib/armv7-m\libcr_c.a(fseek.o)
                0x00004a6c                fseek
 .text.ftell    0x00004b7c       0x4c c:/nxp/lpcxpresso_8.2.2_650/lpcxpresso/tools/bin/../lib/gcc/arm-none-eabi/5.4.1/../../../../arm-none-eabi/lib/armv7-m\libcr_c.a(ftell.o)
                0x00004b7c                ftell
 .text.remove   0x00004bc8       0x14 c:/nxp/lpcxpresso_8.2.2_650/lpcxpresso/tools/bin/../lib/gcc/arm-none-eabi/5.4.1/../../../../arm-none-eabi/lib/armv7-m\libcr_c.a(remove.o)
                0x00004bc8                remove
 .text.strlen   0x00004bdc       0x4a c:/nxp/lpcxpresso_8.2.2_650/lpcxpresso/tools/bin/../lib/gcc/arm-none-eabi/5.4.1/../../../../arm-none-eabi/lib/armv7-m\libcr_c.a(strlen.o)
                0x00004bdc                strlen
 *fill*         0x00004c26        0x2 ff
 .text._sbrk    0x00004c28       0x40 c:/nxp/lpcxpresso_8.2.2_650/lpcxpresso/tools/bin/../lib/gcc/arm-none-eabi/5.4.1/../../../../arm-none-eabi/lib/armv7-m\libcr_c.a(_cr_sbrk.o)
                0x00004c28                _sbrk
 .text._do_fflush
                0x00004c68       0x44 c:/nxp/lpcxpresso_8.2.2_650/lpcxpresso/tools/bin/../lib/gcc/arm-none-eabi/5.4.1/../../../../arm-none-eabi/lib/armv7-m\libcr_c.a(_do_fflush.o)
                0x00004c68                _do_fflush
 .text.__check_heap_overflow
                0x00004cac       0x18 c:/nxp/lpcxpresso_8.2.2_650/lpcxpresso/tools/bin/../lib/gcc/arm-none-eabi/5.4.1/../../../../arm-none-eabi/lib/armv7-m\libcr_c.a(_cr_check_heap.o)
                0x00004cac                __check_heap_overflow
 .text.__aeabi_memcpy
                0x00004cc4       0x34 c:/nxp/lpcxpresso_8.2.2_650/lpcxpresso/tools/bin/../lib/gcc/arm-none-eabi/5.4.1/armv7-m\libcr_eabihelpers.a(memcpy.o)
                0x00004cc4                __aeabi_memcpy
                0x00004cce                __aeabi_memcpy8
                0x00004cce                __aeabi_memcpy4
 .text.__aeabi_memset_lowlevel
                0x00004cf8       0x32 c:/nxp/lpcxpresso_8.2.2_650/lpcxpresso/tools/bin/../lib/gcc/arm-none-eabi/5.4.1/armv7-m\libcr_eabihelpers.a(memcpy.o)
                0x00004cf8                __aeabi_lowlevel_memset
 .text.__sys_appexit
                0x00004d2a        0x2 c:/nxp/lpcxpresso_8.2.2_650/lpcxpresso/tools/bin/../lib/gcc/arm-none-eabi/5.4.1/../../../../arm-none-eabi/lib/armv7-m\libcr_nohost.a(__sys_appexit.o)
                0x00004d2a                __sys_appexit
                0x00004d2a                __exit
 .text.__sys_close
                0x00004d2c        0x6 c:/nxp/lpcxpresso_8.2.2_650/lpcxpresso/tools/bin/../lib/gcc/arm-none-eabi/5.4.1/../../../../arm-none-eabi/lib/armv7-m\libcr_nohost.a(__sys_close.o)
                0x00004d2c                __sys_close
 .text.__sys_flen
                0x00004d32        0x6 c:/nxp/lpcxpresso_8.2.2_650/lpcxpresso/tools/bin/../lib/gcc/arm-none-eabi/5.4.1/../../../../arm-none-eabi/lib/armv7-m\libcr_nohost.a(__sys_flen.o)
                0x00004d32                __sys_flen
 .text.__sys_istty
                0x00004d38        0x6 c:/nxp/lpcxpresso_8.2.2_650/lpcxpresso/tools/bin/../lib/gcc/arm-none-eabi/5.4.1/../../../../arm-none-eabi/lib/armv7-m\libcr_nohost.a(__sys_istty.o)
                0x00004d38                __sys_istty
 .text.__sys_remove
                0x00004d3e        0x6 c:/nxp/lpcxpresso_8.2.2_650/lpcxpresso/tools/bin/../lib/gcc/arm-none-eabi/5.4.1/../../../../arm-none-eabi/lib/armv7-m\libcr_nohost.a(__sys_remove.o)
                0x00004d3e                __sys_remove
 .text.__sys_seek
                0x00004d44        0x6 c:/nxp/lpcxpresso_8.2.2_650/lpcxpresso/tools/bin/../lib/gcc/arm-none-eabi/5.4.1/../../../../arm-none-eabi/lib/armv7-m\libcr_nohost.a(__sys_seek.o)
                0x00004d44                __sys_seek
 .text.__sys_time
                0x00004d4a        0x4 c:/nxp/lpcxpresso_8.2.2_650/lpcxpresso/tools/bin/../lib/gcc/arm-none-eabi/5.4.1/../../../../arm-none-eabi/lib/armv7-m\libcr_nohost.a(__sys_time.o)
                0x00004d4a                __sys_time
 .text.__sys_tmpnam
                0x00004d4e        0x6 c:/nxp/lpcxpresso_8.2.2_650/lpcxpresso/tools/bin/../lib/gcc/arm-none-eabi/5.4.1/../../../../arm-none-eabi/lib/armv7-m\libcr_nohost.a(__sys_tmpnam.o)
                0x00004d4e                __sys_tmpnam
 .text.__sys_write
                0x00004d54        0x4 c:/nxp/lpcxpresso_8.2.2_650/lpcxpresso/tools/bin/../lib/gcc/arm-none-eabi/5.4.1/../../../../arm-none-eabi/lib/armv7-m\libcr_nohost.a(__sys_write.o)
                0x00004d54                __sys_write
                0x00004d54                __write
 *(.rodata .rodata.* .constdata .constdata.*)
 .rodata        0x00004d58      0x2fc ./trace/trcKernelPort.o
 .rodata        0x00005054     0x10d0 ./trace/trcSnapshotRecorder.o
 .rodata        0x00006124       0x47 ./Parte_3.o
 *fill*         0x0000616b        0x1 ff
 .rodata.str1.4
                0x0000616c        0x8 C:\Users\leo\Documents\LPCXpresso_8.2.2_650\workspace\FreeRTOS_Library\Debug\libFreeRTOS_Library.a(tasks.o)
                                  0x5 (size before relaxing)
 .rodata.str1.1
                0x00006174        0x4 c:/nxp/lpcxpresso_8.2.2_650/lpcxpresso/tools/bin/../lib/gcc/arm-none-eabi/5.4.1/../../../../arm-none-eabi/lib/armv7-m\libcr_c.a(initio.o)
 .rodata.str1.1
                0x00006178       0x18 c:/nxp/lpcxpresso_8.2.2_650/lpcxpresso/tools/bin/../lib/gcc/arm-none-eabi/5.4.1/../../../../arm-none-eabi/lib/armv7-m\libcr_c.a(alloc.o)
                0x00006190                . = ALIGN (0x4)

.glue_7         0x00006190        0x0
 .glue_7        0x00006190        0x0 linker stubs

.glue_7t        0x00006190        0x0
 .glue_7t       0x00006190        0x0 linker stubs

.vfp11_veneer   0x00006190        0x0
 .vfp11_veneer  0x00006190        0x0 linker stubs

.v4_bx          0x00006190        0x0
 .v4_bx         0x00006190        0x0 linker stubs

.iplt           0x00006190        0x0
 .iplt          0x00006190        0x0 ./trace/trcKernelPort.o

.rel.dyn        0x00006190        0x0
 .rel.iplt      0x00006190        0x0 ./trace/trcKernelPort.o

.ARM.extab
 *(.ARM.extab* .gnu.linkonce.armextab.*)
                0x00006190                __exidx_start = .

.ARM.exidx
 *(.ARM.exidx* .gnu.linkonce.armexidx.*)
                0x00006190                __exidx_end = .
                0x00006190                _etext = .

.data_RAM2      0x2007c000        0x0 load address 0x00006190
 FILL mask 0xff
                [!provide]                PROVIDE (__start_data_RAM2, .)
 *(.ramfunc.$RAM2)
 *(.ramfunc.$RamAHB32)
 *(.data.$RAM2*)
 *(.data.$RamAHB32*)
                0x2007c000                . = ALIGN (0x4)
                [!provide]                PROVIDE (__end_data_RAM2, .)

.uninit_RESERVED
                0x10000000        0x0
 *(.bss.$RESERVED*)
                0x10000000                . = ALIGN (0x4)
                0x10000000                _end_uninit_RESERVED = .

.data           0x10000000      0x10c load address 0x00006190
 FILL mask 0xff
                0x10000000                _data = .
 *(vtable)
 *(.ramfunc*)
 *(.data*)
 .data          0x10000000        0x5 ./trace/trcKernelPort.o
                0x10000000                TraceObjectClassTable
 *fill*         0x10000005        0x3 ff
 .data          0x10000008        0x4 ./trace/trcSnapshotRecorder.o
 .data          0x1000000c        0x3 ./inc/serial.o
                0x1000000c                UART0TxEmpty
                0x1000000d                UART1TxEmpty
                0x1000000e                UART3TxEmpty
 *fill*         0x1000000f        0x1 ff
 .data          0x10000010        0x8 ./Parte_3.o
 .data          0x10000018        0x4 C:\Users\leo\Documents\LPCXpresso_8.2.2_650\workspace\CMSISv1p30_LPC17xx\Debug\libCMSISv1p30_LPC17xx.a(system_LPC17xx.o)
                0x10000018                SystemCoreClock
 .data          0x1000001c        0x4 C:\Users\leo\Documents\LPCXpresso_8.2.2_650\workspace\FreeRTOS_Library\Debug\libFreeRTOS_Library.a(port.o)
 .data          0x10000020        0x4 C:\Users\leo\Documents\LPCXpresso_8.2.2_650\workspace\FreeRTOS_Library\Debug\libFreeRTOS_Library.a(tasks.o)
 .data          0x10000024        0x4 C:\Users\leo\Documents\LPCXpresso_8.2.2_650\workspace\FreeRTOS_Library\Debug\libFreeRTOS_Library.a(heap_2.o)
 .data._random_number_seed
                0x10000028       0xdc c:/nxp/lpcxpresso_8.2.2_650/lpcxpresso/tools/bin/../lib/gcc/arm-none-eabi/5.4.1/../../../../arm-none-eabi/lib/armv7-m\libcr_c.a(stdlib.o)
 .data._random_j
                0x10000104        0x4 c:/nxp/lpcxpresso_8.2.2_650/lpcxpresso/tools/bin/../lib/gcc/arm-none-eabi/5.4.1/../../../../arm-none-eabi/lib/armv7-m\libcr_c.a(stdlib.o)
 .data._random_k
                0x10000108        0x4 c:/nxp/lpcxpresso_8.2.2_650/lpcxpresso/tools/bin/../lib/gcc/arm-none-eabi/5.4.1/../../../../arm-none-eabi/lib/armv7-m\libcr_c.a(stdlib.o)
                0x1000010c                . = ALIGN (0x4)
                0x1000010c                _edata = .

.igot.plt       0x1000010c        0x0 load address 0x0000629c
 .igot.plt      0x1000010c        0x0 ./trace/trcKernelPort.o

.bss_RAM2       0x2007c000        0x0
                [!provide]                PROVIDE (__start_bss_RAM2, .)
 *(.bss.$RAM2*)
 *(.bss.$RamAHB32*)
                0x2007c000                . = ALIGN ((. != 0x0)?0x4:0x1)
                [!provide]                PROVIDE (__end_bss_RAM2, .)

.bss            0x1000010c     0x2bb4
                0x1000010c                _bss = .
 *(.bss*)
 .bss           0x1000010c       0xe8 ./trace/trcSnapshotRecorder.o
                0x10000114                isPendingContextSwitch
                0x10000118                uiTraceTickCount
                0x1000011c                trace_disable_timestamp
                0x10000124                recorder_busy
                0x10000128                timestampFrequency
                0x1000012c                traceErrorMessage
                0x10000130                nISRactive
                0x10000131                handle_of_last_logged_task
                0x10000132                inExcludedTask
                0x10000134                vTraceStopHookPtr
                0x1000013c                trcExcludedObjects
                0x10000144                trcExcludedEventCodes
                0x10000168                objectHandleStacks
                0x100001d8                RecorderDataPtr
 .bss           0x100001f4       0x18 ./inc/serial.o
                0x100001f4                UART0RxQueueWritePos
                0x100001f8                UART1RxQueueWritePos
                0x100001fc                UART3RxQueueWritePos
                0x10000200                UART0RxQueueReadPos
                0x10000204                UART1RxQueueReadPos
                0x10000208                UART3RxQueueReadPos
 .bss           0x1000020c       0x24 ./Parte_3.o
 .bss           0x10000230       0xfc C:\Users\leo\Documents\LPCXpresso_8.2.2_650\workspace\FreeRTOS_Library\Debug\libFreeRTOS_Library.a(tasks.o)
                0x10000230                pxCurrentTCB
 .bss           0x1000032c     0x1014 C:\Users\leo\Documents\LPCXpresso_8.2.2_650\workspace\FreeRTOS_Library\Debug\libFreeRTOS_Library.a(heap_2.o)
 .bss._extra    0x10001340        0x4 c:/nxp/lpcxpresso_8.2.2_650/lpcxpresso/tools/bin/../lib/gcc/arm-none-eabi/5.4.1/../../../../arm-none-eabi/lib/armv7-m\libcr_c.a(initio.o)
                0x10001340                _extra
 .bss.__Ciob    0x10001344      0x140 c:/nxp/lpcxpresso_8.2.2_650/lpcxpresso/tools/bin/../lib/gcc/arm-none-eabi/5.4.1/../../../../arm-none-eabi/lib/armv7-m\libcr_c.a(stdio.o)
                0x10001344                __Ciob
 .bss.__heaps   0x10001484        0x4 c:/nxp/lpcxpresso_8.2.2_650/lpcxpresso/tools/bin/../lib/gcc/arm-none-eabi/5.4.1/../../../../arm-none-eabi/lib/armv7-m\libcr_c.a(__init_alloc.o)
                0x10001484                __heaps
 .bss.__end_of_heap
                0x10001488        0x4 c:/nxp/lpcxpresso_8.2.2_650/lpcxpresso/tools/bin/../lib/gcc/arm-none-eabi/5.4.1/../../../../arm-none-eabi/lib/armv7-m\libcr_c.a(__init_alloc.o)
                0x10001488                __end_of_heap
 .bss.errno     0x1000148c        0x4 c:/nxp/lpcxpresso_8.2.2_650/lpcxpresso/tools/bin/../lib/gcc/arm-none-eabi/5.4.1/../../../../arm-none-eabi/lib/armv7-m\libcr_c.a(errno.o)
                0x1000148c                errno
 *(COMMON)
 COMMON         0x10001490     0x17f0 ./trace/trcSnapshotRecorder.o
                0x10001490                RecorderData
                0x10002c7c                init_hwtc_count
 COMMON         0x10002c80       0x40 ./inc/serial.o
                0x10002c80                xHandle
                0x10002c84                UART1Buffer
                0x10002c94                UART3Status
                0x10002c98                UART0Buffer
                0x10002ca8                UART1Status
                0x10002cac                UART3Buffer
                0x10002cbc                UART0Status
                0x10002cc0                . = ALIGN (0x4)
                0x10002cc0                _ebss = .
                [!provide]                PROVIDE (end, .)

.noinit_RAM2    0x2007c000        0x0
 *(.noinit.$RAM2*)
 *(.noinit.$RamAHB32*)
                0x2007c000                . = ALIGN (0x4)

.noinit         0x10002cc0        0x0
                0x10002cc0                _noinit = .
 *(.noinit*)
                0x10002cc0                . = ALIGN (0x4)
                0x10002cc0                _end_noinit = .
                0x10002cc0                PROVIDE (_pvHeapStart, DEFINED (__user_heap_base)?__user_heap_base:.)
                0x10008000                PROVIDE (_vStackTop, DEFINED (__user_stack_top)?__user_stack_top:(__top_RamLoc32 - 0x0))
                [!provide]                PROVIDE (__valid_user_code_checksum, (0x0 - ((((((_vStackTop + (ResetISR + 0x1)) + (NMI_Handler + 0x1)) + (HardFault_Handler + 0x1)) + (DEFINED (MemManage_Handler)?MemManage_Handler:0x0 + 0x1)) + (DEFINED (BusFault_Handler)?BusFault_Handler:0x0 + 0x1)) + (DEFINED (UsageFault_Handler)?UsageFault_Handler:0x0 + 0x1))))
OUTPUT(SimpleDemo.axf elf32-littlearm)

.debug_info     0x00000000     0x80b1
 .debug_info    0x00000000      0x7a3 ./trace/trcKernelPort.o
 .debug_info    0x000007a3     0x1b86 ./trace/trcSnapshotRecorder.o
 .debug_info    0x00002329      0xf8c ./inc/serial.o
 .debug_info    0x000032b5      0x2c3 ./Parte_3.o
 .debug_info    0x00003578      0x1bd ./cr_startup_lpc17.o
 .debug_info    0x00003735      0x4f8 C:\Users\leo\Documents\LPCXpresso_8.2.2_650\workspace\CMSISv1p30_LPC17xx\Debug\libCMSISv1p30_LPC17xx.a(core_cm3.o)
 .debug_info    0x00003c2d      0x2e3 C:\Users\leo\Documents\LPCXpresso_8.2.2_650\workspace\CMSISv1p30_LPC17xx\Debug\libCMSISv1p30_LPC17xx.a(system_LPC17xx.o)
 .debug_info    0x00003f10      0x281 C:\Users\leo\Documents\LPCXpresso_8.2.2_650\workspace\FreeRTOS_Library\Debug\libFreeRTOS_Library.a(port.o)
 .debug_info    0x00004191     0x19d2 C:\Users\leo\Documents\LPCXpresso_8.2.2_650\workspace\FreeRTOS_Library\Debug\libFreeRTOS_Library.a(queue.o)
 .debug_info    0x00005b63     0x1fa5 C:\Users\leo\Documents\LPCXpresso_8.2.2_650\workspace\FreeRTOS_Library\Debug\libFreeRTOS_Library.a(tasks.o)
 .debug_info    0x00007b08      0x315 C:\Users\leo\Documents\LPCXpresso_8.2.2_650\workspace\FreeRTOS_Library\Debug\libFreeRTOS_Library.a(heap_2.o)
 .debug_info    0x00007e1d      0x294 C:\Users\leo\Documents\LPCXpresso_8.2.2_650\workspace\FreeRTOS_Library\Debug\libFreeRTOS_Library.a(list.o)

.debug_abbrev   0x00000000     0x1343
 .debug_abbrev  0x00000000      0x16d ./trace/trcKernelPort.o
 .debug_abbrev  0x0000016d      0x2c2 ./trace/trcSnapshotRecorder.o
 .debug_abbrev  0x0000042f      0x250 ./inc/serial.o
 .debug_abbrev  0x0000067f      0x113 ./Parte_3.o
 .debug_abbrev  0x00000792       0xb9 ./cr_startup_lpc17.o
 .debug_abbrev  0x0000084b       0xb1 C:\Users\leo\Documents\LPCXpresso_8.2.2_650\workspace\CMSISv1p30_LPC17xx\Debug\libCMSISv1p30_LPC17xx.a(core_cm3.o)
 .debug_abbrev  0x000008fc       0xce C:\Users\leo\Documents\LPCXpresso_8.2.2_650\workspace\CMSISv1p30_LPC17xx\Debug\libCMSISv1p30_LPC17xx.a(system_LPC17xx.o)
 .debug_abbrev  0x000009ca      0x188 C:\Users\leo\Documents\LPCXpresso_8.2.2_650\workspace\FreeRTOS_Library\Debug\libFreeRTOS_Library.a(port.o)
 .debug_abbrev  0x00000b52      0x24d C:\Users\leo\Documents\LPCXpresso_8.2.2_650\workspace\FreeRTOS_Library\Debug\libFreeRTOS_Library.a(queue.o)
 .debug_abbrev  0x00000d9f      0x2e8 C:\Users\leo\Documents\LPCXpresso_8.2.2_650\workspace\FreeRTOS_Library\Debug\libFreeRTOS_Library.a(tasks.o)
 .debug_abbrev  0x00001087      0x1c3 C:\Users\leo\Documents\LPCXpresso_8.2.2_650\workspace\FreeRTOS_Library\Debug\libFreeRTOS_Library.a(heap_2.o)
 .debug_abbrev  0x0000124a       0xf9 C:\Users\leo\Documents\LPCXpresso_8.2.2_650\workspace\FreeRTOS_Library\Debug\libFreeRTOS_Library.a(list.o)

.debug_aranges  0x00000000      0x520
 .debug_aranges
                0x00000000       0x78 ./trace/trcKernelPort.o
 .debug_aranges
                0x00000078      0x1f0 ./trace/trcSnapshotRecorder.o
 .debug_aranges
                0x00000268       0x80 ./inc/serial.o
 .debug_aranges
                0x000002e8       0x38 ./Parte_3.o
 .debug_aranges
                0x00000320       0x70 ./cr_startup_lpc17.o
 .debug_aranges
                0x00000390       0xc8 C:\Users\leo\Documents\LPCXpresso_8.2.2_650\workspace\CMSISv1p30_LPC17xx\Debug\libCMSISv1p30_LPC17xx.a(core_cm3.o)
 .debug_aranges
                0x00000458       0x28 C:\Users\leo\Documents\LPCXpresso_8.2.2_650\workspace\CMSISv1p30_LPC17xx\Debug\libCMSISv1p30_LPC17xx.a(system_LPC17xx.o)
 .debug_aranges
                0x00000480       0x20 C:\Users\leo\Documents\LPCXpresso_8.2.2_650\workspace\FreeRTOS_Library\Debug\libFreeRTOS_Library.a(port.o)
 .debug_aranges
                0x000004a0       0x20 C:\Users\leo\Documents\LPCXpresso_8.2.2_650\workspace\FreeRTOS_Library\Debug\libFreeRTOS_Library.a(queue.o)
 .debug_aranges
                0x000004c0       0x20 C:\Users\leo\Documents\LPCXpresso_8.2.2_650\workspace\FreeRTOS_Library\Debug\libFreeRTOS_Library.a(tasks.o)
 .debug_aranges
                0x000004e0       0x20 C:\Users\leo\Documents\LPCXpresso_8.2.2_650\workspace\FreeRTOS_Library\Debug\libFreeRTOS_Library.a(heap_2.o)
 .debug_aranges
                0x00000500       0x20 C:\Users\leo\Documents\LPCXpresso_8.2.2_650\workspace\FreeRTOS_Library\Debug\libFreeRTOS_Library.a(list.o)

.debug_ranges   0x00000000      0x478
 .debug_ranges  0x00000000       0x68 ./trace/trcKernelPort.o
 .debug_ranges  0x00000068      0x1e0 ./trace/trcSnapshotRecorder.o
 .debug_ranges  0x00000248       0x70 ./inc/serial.o
 .debug_ranges  0x000002b8       0x28 ./Parte_3.o
 .debug_ranges  0x000002e0       0x60 ./cr_startup_lpc17.o
 .debug_ranges  0x00000340       0xb8 C:\Users\leo\Documents\LPCXpresso_8.2.2_650\workspace\CMSISv1p30_LPC17xx\Debug\libCMSISv1p30_LPC17xx.a(core_cm3.o)
 .debug_ranges  0x000003f8       0x18 C:\Users\leo\Documents\LPCXpresso_8.2.2_650\workspace\CMSISv1p30_LPC17xx\Debug\libCMSISv1p30_LPC17xx.a(system_LPC17xx.o)
 .debug_ranges  0x00000410       0x68 C:\Users\leo\Documents\LPCXpresso_8.2.2_650\workspace\FreeRTOS_Library\Debug\libFreeRTOS_Library.a(tasks.o)

.debug_macro    0x00000000     0x5790
 .debug_macro   0x00000000      0x140 ./trace/trcKernelPort.o
 .debug_macro   0x00000140      0x880 ./trace/trcKernelPort.o
 .debug_macro   0x000009c0       0x10 ./trace/trcKernelPort.o
 .debug_macro   0x000009d0      0x12d ./trace/trcKernelPort.o
 .debug_macro   0x00000afd       0x16 ./trace/trcKernelPort.o
 .debug_macro   0x00000b13       0x46 ./trace/trcKernelPort.o
 .debug_macro   0x00000b59       0x1c ./trace/trcKernelPort.o
 .debug_macro   0x00000b75       0x22 ./trace/trcKernelPort.o
 .debug_macro   0x00000b97      0x5b2 ./trace/trcKernelPort.o
 .debug_macro   0x00001149      0x7b7 ./trace/trcKernelPort.o
 .debug_macro   0x00001900      0x2c7 ./trace/trcKernelPort.o
 .debug_macro   0x00001bc7       0xd6 ./trace/trcKernelPort.o
 .debug_macro   0x00001c9d       0x1c ./trace/trcKernelPort.o
 .debug_macro   0x00001cb9       0xd0 ./trace/trcKernelPort.o
 .debug_macro   0x00001d89       0x24 ./trace/trcKernelPort.o
 .debug_macro   0x00001dad       0xf7 ./trace/trcKernelPort.o
 .debug_macro   0x00001ea4       0x88 ./trace/trcKernelPort.o
 .debug_macro   0x00001f2c      0x800 ./trace/trcKernelPort.o
 .debug_macro   0x0000272c      0x1cb ./trace/trcKernelPort.o
 .debug_macro   0x000028f7       0xaa ./trace/trcKernelPort.o
 .debug_macro   0x000029a1       0x12 ./trace/trcKernelPort.o
 .debug_macro   0x000029b3       0x1f ./trace/trcKernelPort.o
 .debug_macro   0x000029d2      0x162 ./trace/trcKernelPort.o
 .debug_macro   0x00002b34       0x64 ./trace/trcKernelPort.o
 .debug_macro   0x00002b98       0x57 ./trace/trcKernelPort.o
 .debug_macro   0x00002bef       0xb0 ./trace/trcKernelPort.o
 .debug_macro   0x00002c9f      0x13e ./trace/trcSnapshotRecorder.o
 .debug_macro   0x00002ddd       0x16 ./trace/trcSnapshotRecorder.o
 .debug_macro   0x00002df3       0x10 ./trace/trcSnapshotRecorder.o
 .debug_macro   0x00002e03      0x7d5 ./trace/trcSnapshotRecorder.o
 .debug_macro   0x000035d8       0xdc ./trace/trcSnapshotRecorder.o
 .debug_macro   0x000036b4      0x250 ./trace/trcSnapshotRecorder.o
 .debug_macro   0x00003904      0x157 ./inc/serial.o
 .debug_macro   0x00003a5b       0x28 ./inc/serial.o
 .debug_macro   0x00003a83       0x8e ./inc/serial.o
 .debug_macro   0x00003b11      0x187 ./Parte_3.o
 .debug_macro   0x00003c98       0x52 ./cr_startup_lpc17.o
 .debug_macro   0x00003cea       0x48 C:\Users\leo\Documents\LPCXpresso_8.2.2_650\workspace\CMSISv1p30_LPC17xx\Debug\libCMSISv1p30_LPC17xx.a(core_cm3.o)
 .debug_macro   0x00003d32      0x880 C:\Users\leo\Documents\LPCXpresso_8.2.2_650\workspace\CMSISv1p30_LPC17xx\Debug\libCMSISv1p30_LPC17xx.a(core_cm3.o)
 .debug_macro   0x000045b2      0x113 C:\Users\leo\Documents\LPCXpresso_8.2.2_650\workspace\CMSISv1p30_LPC17xx\Debug\libCMSISv1p30_LPC17xx.a(system_LPC17xx.o)
 .debug_macro   0x000046c5      0x1c7 C:\Users\leo\Documents\LPCXpresso_8.2.2_650\workspace\FreeRTOS_Library\Debug\libFreeRTOS_Library.a(port.o)
 .debug_macro   0x0000488c      0x874 C:\Users\leo\Documents\LPCXpresso_8.2.2_650\workspace\FreeRTOS_Library\Debug\libFreeRTOS_Library.a(port.o)
 .debug_macro   0x00005100      0x19f C:\Users\leo\Documents\LPCXpresso_8.2.2_650\workspace\FreeRTOS_Library\Debug\libFreeRTOS_Library.a(queue.o)
 .debug_macro   0x0000529f      0x1db C:\Users\leo\Documents\LPCXpresso_8.2.2_650\workspace\FreeRTOS_Library\Debug\libFreeRTOS_Library.a(tasks.o)
 .debug_macro   0x0000547a       0x5b C:\Users\leo\Documents\LPCXpresso_8.2.2_650\workspace\FreeRTOS_Library\Debug\libFreeRTOS_Library.a(tasks.o)
 .debug_macro   0x000054d5       0x16 C:\Users\leo\Documents\LPCXpresso_8.2.2_650\workspace\FreeRTOS_Library\Debug\libFreeRTOS_Library.a(tasks.o)
 .debug_macro   0x000054eb      0x169 C:\Users\leo\Documents\LPCXpresso_8.2.2_650\workspace\FreeRTOS_Library\Debug\libFreeRTOS_Library.a(heap_2.o)
 .debug_macro   0x00005654      0x13c C:\Users\leo\Documents\LPCXpresso_8.2.2_650\workspace\FreeRTOS_Library\Debug\libFreeRTOS_Library.a(list.o)

.debug_line     0x00000000     0x3b4d
 .debug_line    0x00000000      0x4d5 ./trace/trcKernelPort.o
 .debug_line    0x000004d5      0xd3f ./trace/trcSnapshotRecorder.o
 .debug_line    0x00001214      0x599 ./inc/serial.o
 .debug_line    0x000017ad      0x44d ./Parte_3.o
 .debug_line    0x00001bfa      0x24f ./cr_startup_lpc17.o
 .debug_line    0x00001e49      0x29a C:\Users\leo\Documents\LPCXpresso_8.2.2_650\workspace\CMSISv1p30_LPC17xx\Debug\libCMSISv1p30_LPC17xx.a(core_cm3.o)
 .debug_line    0x000020e3      0x1f9 C:\Users\leo\Documents\LPCXpresso_8.2.2_650\workspace\CMSISv1p30_LPC17xx\Debug\libCMSISv1p30_LPC17xx.a(system_LPC17xx.o)
 .debug_line    0x000022dc      0x3ff C:\Users\leo\Documents\LPCXpresso_8.2.2_650\workspace\FreeRTOS_Library\Debug\libFreeRTOS_Library.a(port.o)
 .debug_line    0x000026db      0x56f C:\Users\leo\Documents\LPCXpresso_8.2.2_650\workspace\FreeRTOS_Library\Debug\libFreeRTOS_Library.a(queue.o)
 .debug_line    0x00002c4a      0x71a C:\Users\leo\Documents\LPCXpresso_8.2.2_650\workspace\FreeRTOS_Library\Debug\libFreeRTOS_Library.a(tasks.o)
 .debug_line    0x00003364      0x417 C:\Users\leo\Documents\LPCXpresso_8.2.2_650\workspace\FreeRTOS_Library\Debug\libFreeRTOS_Library.a(heap_2.o)
 .debug_line    0x0000377b      0x3d2 C:\Users\leo\Documents\LPCXpresso_8.2.2_650\workspace\FreeRTOS_Library\Debug\libFreeRTOS_Library.a(list.o)

.debug_str      0x00000000    0x17296
 .debug_str     0x00000000    0x12cab ./trace/trcKernelPort.o
                              0x12d6b (size before relaxing)
 .debug_str     0x00012cab      0xf18 ./trace/trcSnapshotRecorder.o
                              0x1287b (size before relaxing)
 .debug_str     0x00013bc3      0x86f ./inc/serial.o
                              0x12fc6 (size before relaxing)
 .debug_str     0x00014432      0x21f ./Parte_3.o
                              0x12aea (size before relaxing)
 .debug_str     0x00014651      0x13c ./cr_startup_lpc17.o
                               0x3d6b (size before relaxing)
 .debug_str     0x0001478d      0x23f C:\Users\leo\Documents\LPCXpresso_8.2.2_650\workspace\CMSISv1p30_LPC17xx\Debug\libCMSISv1p30_LPC17xx.a(core_cm3.o)
                               0x3d81 (size before relaxing)
 .debug_str     0x000149cc      0x32c C:\Users\leo\Documents\LPCXpresso_8.2.2_650\workspace\CMSISv1p30_LPC17xx\Debug\libCMSISv1p30_LPC17xx.a(system_LPC17xx.o)
                               0x7fec (size before relaxing)
 .debug_str     0x00014cf8      0x71f C:\Users\leo\Documents\LPCXpresso_8.2.2_650\workspace\FreeRTOS_Library\Debug\libFreeRTOS_Library.a(port.o)
                              0x122fe (size before relaxing)
 .debug_str     0x00015417      0x77b C:\Users\leo\Documents\LPCXpresso_8.2.2_650\workspace\FreeRTOS_Library\Debug\libFreeRTOS_Library.a(queue.o)
                              0x13160 (size before relaxing)
 .debug_str     0x00015b92     0x138e C:\Users\leo\Documents\LPCXpresso_8.2.2_650\workspace\FreeRTOS_Library\Debug\libFreeRTOS_Library.a(tasks.o)
                              0x13645 (size before relaxing)
 .debug_str     0x00016f20      0x336 C:\Users\leo\Documents\LPCXpresso_8.2.2_650\workspace\FreeRTOS_Library\Debug\libFreeRTOS_Library.a(heap_2.o)
                              0x120b7 (size before relaxing)
 .debug_str     0x00017256       0x40 C:\Users\leo\Documents\LPCXpresso_8.2.2_650\workspace\FreeRTOS_Library\Debug\libFreeRTOS_Library.a(list.o)
                              0x11ac8 (size before relaxing)

.comment        0x00000000       0xdc
 .comment       0x00000000       0x6e ./trace/trcKernelPort.o
                                 0x6f (size before relaxing)
 .comment       0x0000006e       0x6f ./trace/trcSnapshotRecorder.o
 .comment       0x0000006e       0x6f ./inc/serial.o
 .comment       0x0000006e       0x6f ./Parte_3.o
 .comment       0x0000006e       0x6f ./cr_startup_lpc17.o
 .comment       0x0000006e       0x6f C:\Users\leo\Documents\LPCXpresso_8.2.2_650\workspace\CMSISv1p30_LPC17xx\Debug\libCMSISv1p30_LPC17xx.a(core_cm3.o)
 .comment       0x0000006e       0x6f C:\Users\leo\Documents\LPCXpresso_8.2.2_650\workspace\CMSISv1p30_LPC17xx\Debug\libCMSISv1p30_LPC17xx.a(system_LPC17xx.o)
 .comment       0x0000006e       0x6f C:\Users\leo\Documents\LPCXpresso_8.2.2_650\workspace\FreeRTOS_Library\Debug\libFreeRTOS_Library.a(port.o)
 .comment       0x0000006e       0x6f C:\Users\leo\Documents\LPCXpresso_8.2.2_650\workspace\FreeRTOS_Library\Debug\libFreeRTOS_Library.a(queue.o)
 .comment       0x0000006e       0x6f C:\Users\leo\Documents\LPCXpresso_8.2.2_650\workspace\FreeRTOS_Library\Debug\libFreeRTOS_Library.a(tasks.o)
 .comment       0x0000006e       0x6f C:\Users\leo\Documents\LPCXpresso_8.2.2_650\workspace\FreeRTOS_Library\Debug\libFreeRTOS_Library.a(heap_2.o)
 .comment       0x0000006e       0x6f C:\Users\leo\Documents\LPCXpresso_8.2.2_650\workspace\FreeRTOS_Library\Debug\libFreeRTOS_Library.a(list.o)
 .comment       0x0000006e       0x6e c:/nxp/lpcxpresso_8.2.2_650/lpcxpresso/tools/bin/../lib/gcc/arm-none-eabi/5.4.1/../../../../arm-none-eabi/lib/armv7-m\libcr_nohost.a(_cr__main.o)
                                 0x6f (size before relaxing)
 .comment       0x000000dc       0x6f c:/nxp/lpcxpresso_8.2.2_650/lpcxpresso/tools/bin/../lib/gcc/arm-none-eabi/5.4.1/../../../../arm-none-eabi/lib/armv7-m\libcr_c.a(memcpy.o)
 .comment       0x000000dc       0x6f c:/nxp/lpcxpresso_8.2.2_650/lpcxpresso/tools/bin/../lib/gcc/arm-none-eabi/5.4.1/../../../../arm-none-eabi/lib/armv7-m\libcr_c.a(memset.o)
 .comment       0x000000dc       0x6f c:/nxp/lpcxpresso_8.2.2_650/lpcxpresso/tools/bin/../lib/gcc/arm-none-eabi/5.4.1/../../../../arm-none-eabi/lib/armv7-m\libcr_c.a(cr_time.o)
 .comment       0x000000dc       0x6f c:/nxp/lpcxpresso_8.2.2_650/lpcxpresso/tools/bin/../lib/gcc/arm-none-eabi/5.4.1/../../../../arm-none-eabi/lib/armv7-m\libcr_c.a(initio.o)
 .comment       0x000000dc       0x6f c:/nxp/lpcxpresso_8.2.2_650/lpcxpresso/tools/bin/../lib/gcc/arm-none-eabi/5.4.1/../../../../arm-none-eabi/lib/armv7-m\libcr_c.a(setvbuf.o)
 .comment       0x000000dc       0x6f c:/nxp/lpcxpresso_8.2.2_650/lpcxpresso/tools/bin/../lib/gcc/arm-none-eabi/5.4.1/../../../../arm-none-eabi/lib/armv7-m\libcr_c.a(stdio.o)
 .comment       0x000000dc       0x6f c:/nxp/lpcxpresso_8.2.2_650/lpcxpresso/tools/bin/../lib/gcc/arm-none-eabi/5.4.1/../../../../arm-none-eabi/lib/armv7-m\libcr_c.a(stdlib.o)
 .comment       0x000000dc       0x6f c:/nxp/lpcxpresso_8.2.2_650/lpcxpresso/tools/bin/../lib/gcc/arm-none-eabi/5.4.1/../../../../arm-none-eabi/lib/armv7-m\libcr_c.a(strncmp.o)
 .comment       0x000000dc       0x6f c:/nxp/lpcxpresso_8.2.2_650/lpcxpresso/tools/bin/../lib/gcc/arm-none-eabi/5.4.1/../../../../arm-none-eabi/lib/armv7-m\libcr_c.a(_deferredlazyseek.o)
 .comment       0x000000dc       0x6f c:/nxp/lpcxpresso_8.2.2_650/lpcxpresso/tools/bin/../lib/gcc/arm-none-eabi/5.4.1/../../../../arm-none-eabi/lib/armv7-m\libcr_c.a(_fdopen.o)
 .comment       0x000000dc       0x6f c:/nxp/lpcxpresso_8.2.2_650/lpcxpresso/tools/bin/../lib/gcc/arm-none-eabi/5.4.1/../../../../arm-none-eabi/lib/armv7-m\libcr_c.a(_fflush.o)
 .comment       0x000000dc       0x6f c:/nxp/lpcxpresso_8.2.2_650/lpcxpresso/tools/bin/../lib/gcc/arm-none-eabi/5.4.1/../../../../arm-none-eabi/lib/armv7-m\libcr_c.a(_writebuf.o)
 .comment       0x000000dc       0x6f c:/nxp/lpcxpresso_8.2.2_650/lpcxpresso/tools/bin/../lib/gcc/arm-none-eabi/5.4.1/../../../../arm-none-eabi/lib/armv7-m\libcr_c.a(alloc.o)
 .comment       0x000000dc       0x6f c:/nxp/lpcxpresso_8.2.2_650/lpcxpresso/tools/bin/../lib/gcc/arm-none-eabi/5.4.1/../../../../arm-none-eabi/lib/armv7-m\libcr_c.a(fclose.o)
 .comment       0x000000dc       0x6f c:/nxp/lpcxpresso_8.2.2_650/lpcxpresso/tools/bin/../lib/gcc/arm-none-eabi/5.4.1/../../../../arm-none-eabi/lib/armv7-m\libcr_c.a(fflush.o)
 .comment       0x000000dc       0x6f c:/nxp/lpcxpresso_8.2.2_650/lpcxpresso/tools/bin/../lib/gcc/arm-none-eabi/5.4.1/../../../../arm-none-eabi/lib/armv7-m\libcr_c.a(fseek.o)
 .comment       0x000000dc       0x6f c:/nxp/lpcxpresso_8.2.2_650/lpcxpresso/tools/bin/../lib/gcc/arm-none-eabi/5.4.1/../../../../arm-none-eabi/lib/armv7-m\libcr_c.a(ftell.o)
 .comment       0x000000dc       0x6f c:/nxp/lpcxpresso_8.2.2_650/lpcxpresso/tools/bin/../lib/gcc/arm-none-eabi/5.4.1/../../../../arm-none-eabi/lib/armv7-m\libcr_c.a(remove.o)
 .comment       0x000000dc       0x6f c:/nxp/lpcxpresso_8.2.2_650/lpcxpresso/tools/bin/../lib/gcc/arm-none-eabi/5.4.1/../../../../arm-none-eabi/lib/armv7-m\libcr_c.a(strlen.o)
 .comment       0x000000dc       0x6f c:/nxp/lpcxpresso_8.2.2_650/lpcxpresso/tools/bin/../lib/gcc/arm-none-eabi/5.4.1/../../../../arm-none-eabi/lib/armv7-m\libcr_c.a(__init_alloc.o)
 .comment       0x000000dc       0x6f c:/nxp/lpcxpresso_8.2.2_650/lpcxpresso/tools/bin/../lib/gcc/arm-none-eabi/5.4.1/../../../../arm-none-eabi/lib/armv7-m\libcr_c.a(_cr_sbrk.o)
 .comment       0x000000dc       0x6f c:/nxp/lpcxpresso_8.2.2_650/lpcxpresso/tools/bin/../lib/gcc/arm-none-eabi/5.4.1/../../../../arm-none-eabi/lib/armv7-m\libcr_c.a(_do_fflush.o)
 .comment       0x000000dc       0x6f c:/nxp/lpcxpresso_8.2.2_650/lpcxpresso/tools/bin/../lib/gcc/arm-none-eabi/5.4.1/../../../../arm-none-eabi/lib/armv7-m\libcr_c.a(errno.o)
 .comment       0x000000dc       0x6f c:/nxp/lpcxpresso_8.2.2_650/lpcxpresso/tools/bin/../lib/gcc/arm-none-eabi/5.4.1/../../../../arm-none-eabi/lib/armv7-m\libcr_c.a(_cr_check_heap.o)
 .comment       0x000000dc       0x6f c:/nxp/lpcxpresso_8.2.2_650/lpcxpresso/tools/bin/../lib/gcc/arm-none-eabi/5.4.1/../../../../arm-none-eabi/lib/armv7-m\libcr_nohost.a(__sys_appexit.o)
 .comment       0x000000dc       0x6f c:/nxp/lpcxpresso_8.2.2_650/lpcxpresso/tools/bin/../lib/gcc/arm-none-eabi/5.4.1/../../../../arm-none-eabi/lib/armv7-m\libcr_nohost.a(__sys_close.o)
 .comment       0x000000dc       0x6f c:/nxp/lpcxpresso_8.2.2_650/lpcxpresso/tools/bin/../lib/gcc/arm-none-eabi/5.4.1/../../../../arm-none-eabi/lib/armv7-m\libcr_nohost.a(__sys_flen.o)
 .comment       0x000000dc       0x6f c:/nxp/lpcxpresso_8.2.2_650/lpcxpresso/tools/bin/../lib/gcc/arm-none-eabi/5.4.1/../../../../arm-none-eabi/lib/armv7-m\libcr_nohost.a(__sys_istty.o)
 .comment       0x000000dc       0x6f c:/nxp/lpcxpresso_8.2.2_650/lpcxpresso/tools/bin/../lib/gcc/arm-none-eabi/5.4.1/../../../../arm-none-eabi/lib/armv7-m\libcr_nohost.a(__sys_remove.o)
 .comment       0x000000dc       0x6f c:/nxp/lpcxpresso_8.2.2_650/lpcxpresso/tools/bin/../lib/gcc/arm-none-eabi/5.4.1/../../../../arm-none-eabi/lib/armv7-m\libcr_nohost.a(__sys_seek.o)
 .comment       0x000000dc       0x6f c:/nxp/lpcxpresso_8.2.2_650/lpcxpresso/tools/bin/../lib/gcc/arm-none-eabi/5.4.1/../../../../arm-none-eabi/lib/armv7-m\libcr_nohost.a(__sys_time.o)
 .comment       0x000000dc       0x6f c:/nxp/lpcxpresso_8.2.2_650/lpcxpresso/tools/bin/../lib/gcc/arm-none-eabi/5.4.1/../../../../arm-none-eabi/lib/armv7-m\libcr_nohost.a(__sys_tmpnam.o)
 .comment       0x000000dc       0x6f c:/nxp/lpcxpresso_8.2.2_650/lpcxpresso/tools/bin/../lib/gcc/arm-none-eabi/5.4.1/../../../../arm-none-eabi/lib/armv7-m\libcr_nohost.a(__sys_write.o)

.ARM.attributes
                0x00000000       0x31
 .ARM.attributes
                0x00000000       0x33 ./trace/trcKernelPort.o
 .ARM.attributes
                0x00000033       0x33 ./trace/trcSnapshotRecorder.o
 .ARM.attributes
                0x00000066       0x33 ./inc/serial.o
 .ARM.attributes
                0x00000099       0x33 ./Parte_3.o
 .ARM.attributes
                0x000000cc       0x33 ./cr_startup_lpc17.o
 .ARM.attributes
                0x000000ff       0x33 C:\Users\leo\Documents\LPCXpresso_8.2.2_650\workspace\CMSISv1p30_LPC17xx\Debug\libCMSISv1p30_LPC17xx.a(core_cm3.o)
 .ARM.attributes
                0x00000132       0x33 C:\Users\leo\Documents\LPCXpresso_8.2.2_650\workspace\CMSISv1p30_LPC17xx\Debug\libCMSISv1p30_LPC17xx.a(system_LPC17xx.o)
 .ARM.attributes
                0x00000165       0x33 C:\Users\leo\Documents\LPCXpresso_8.2.2_650\workspace\FreeRTOS_Library\Debug\libFreeRTOS_Library.a(port.o)
 .ARM.attributes
                0x00000198       0x33 C:\Users\leo\Documents\LPCXpresso_8.2.2_650\workspace\FreeRTOS_Library\Debug\libFreeRTOS_Library.a(queue.o)
 .ARM.attributes
                0x000001cb       0x33 C:\Users\leo\Documents\LPCXpresso_8.2.2_650\workspace\FreeRTOS_Library\Debug\libFreeRTOS_Library.a(tasks.o)
 .ARM.attributes
                0x000001fe       0x33 C:\Users\leo\Documents\LPCXpresso_8.2.2_650\workspace\FreeRTOS_Library\Debug\libFreeRTOS_Library.a(heap_2.o)
 .ARM.attributes
                0x00000231       0x33 C:\Users\leo\Documents\LPCXpresso_8.2.2_650\workspace\FreeRTOS_Library\Debug\libFreeRTOS_Library.a(list.o)
 .ARM.attributes
                0x00000264       0x33 c:/nxp/lpcxpresso_8.2.2_650/lpcxpresso/tools/bin/../lib/gcc/arm-none-eabi/5.4.1/../../../../arm-none-eabi/lib/armv7-m\libcr_nohost.a(_cr__main.o)
 .ARM.attributes
                0x00000297       0x33 c:/nxp/lpcxpresso_8.2.2_650/lpcxpresso/tools/bin/../lib/gcc/arm-none-eabi/5.4.1/../../../../arm-none-eabi/lib/armv7-m\libcr_c.a(memcpy.o)
 .ARM.attributes
                0x000002ca       0x33 c:/nxp/lpcxpresso_8.2.2_650/lpcxpresso/tools/bin/../lib/gcc/arm-none-eabi/5.4.1/../../../../arm-none-eabi/lib/armv7-m\libcr_c.a(memset.o)
 .ARM.attributes
                0x000002fd       0x33 c:/nxp/lpcxpresso_8.2.2_650/lpcxpresso/tools/bin/../lib/gcc/arm-none-eabi/5.4.1/../../../../arm-none-eabi/lib/armv7-m\libcr_c.a(cr_time.o)
 .ARM.attributes
                0x00000330       0x33 c:/nxp/lpcxpresso_8.2.2_650/lpcxpresso/tools/bin/../lib/gcc/arm-none-eabi/5.4.1/../../../../arm-none-eabi/lib/armv7-m\libcr_c.a(initio.o)
 .ARM.attributes
                0x00000363       0x33 c:/nxp/lpcxpresso_8.2.2_650/lpcxpresso/tools/bin/../lib/gcc/arm-none-eabi/5.4.1/../../../../arm-none-eabi/lib/armv7-m\libcr_c.a(setvbuf.o)
 .ARM.attributes
                0x00000396       0x33 c:/nxp/lpcxpresso_8.2.2_650/lpcxpresso/tools/bin/../lib/gcc/arm-none-eabi/5.4.1/../../../../arm-none-eabi/lib/armv7-m\libcr_c.a(stdio.o)
 .ARM.attributes
                0x000003c9       0x33 c:/nxp/lpcxpresso_8.2.2_650/lpcxpresso/tools/bin/../lib/gcc/arm-none-eabi/5.4.1/../../../../arm-none-eabi/lib/armv7-m\libcr_c.a(stdlib.o)
 .ARM.attributes
                0x000003fc       0x33 c:/nxp/lpcxpresso_8.2.2_650/lpcxpresso/tools/bin/../lib/gcc/arm-none-eabi/5.4.1/../../../../arm-none-eabi/lib/armv7-m\libcr_c.a(strncmp.o)
 .ARM.attributes
                0x0000042f       0x33 c:/nxp/lpcxpresso_8.2.2_650/lpcxpresso/tools/bin/../lib/gcc/arm-none-eabi/5.4.1/../../../../arm-none-eabi/lib/armv7-m\libcr_c.a(_deferredlazyseek.o)
 .ARM.attributes
                0x00000462       0x33 c:/nxp/lpcxpresso_8.2.2_650/lpcxpresso/tools/bin/../lib/gcc/arm-none-eabi/5.4.1/../../../../arm-none-eabi/lib/armv7-m\libcr_c.a(_fdopen.o)
 .ARM.attributes
                0x00000495       0x33 c:/nxp/lpcxpresso_8.2.2_650/lpcxpresso/tools/bin/../lib/gcc/arm-none-eabi/5.4.1/../../../../arm-none-eabi/lib/armv7-m\libcr_c.a(_fflush.o)
 .ARM.attributes
                0x000004c8       0x33 c:/nxp/lpcxpresso_8.2.2_650/lpcxpresso/tools/bin/../lib/gcc/arm-none-eabi/5.4.1/../../../../arm-none-eabi/lib/armv7-m\libcr_c.a(_writebuf.o)
 .ARM.attributes
                0x000004fb       0x33 c:/nxp/lpcxpresso_8.2.2_650/lpcxpresso/tools/bin/../lib/gcc/arm-none-eabi/5.4.1/../../../../arm-none-eabi/lib/armv7-m\libcr_c.a(alloc.o)
 .ARM.attributes
                0x0000052e       0x33 c:/nxp/lpcxpresso_8.2.2_650/lpcxpresso/tools/bin/../lib/gcc/arm-none-eabi/5.4.1/../../../../arm-none-eabi/lib/armv7-m\libcr_c.a(fclose.o)
 .ARM.attributes
                0x00000561       0x33 c:/nxp/lpcxpresso_8.2.2_650/lpcxpresso/tools/bin/../lib/gcc/arm-none-eabi/5.4.1/../../../../arm-none-eabi/lib/armv7-m\libcr_c.a(fflush.o)
 .ARM.attributes
                0x00000594       0x33 c:/nxp/lpcxpresso_8.2.2_650/lpcxpresso/tools/bin/../lib/gcc/arm-none-eabi/5.4.1/../../../../arm-none-eabi/lib/armv7-m\libcr_c.a(fseek.o)
 .ARM.attributes
                0x000005c7       0x33 c:/nxp/lpcxpresso_8.2.2_650/lpcxpresso/tools/bin/../lib/gcc/arm-none-eabi/5.4.1/../../../../arm-none-eabi/lib/armv7-m\libcr_c.a(ftell.o)
 .ARM.attributes
                0x000005fa       0x33 c:/nxp/lpcxpresso_8.2.2_650/lpcxpresso/tools/bin/../lib/gcc/arm-none-eabi/5.4.1/../../../../arm-none-eabi/lib/armv7-m\libcr_c.a(remove.o)
 .ARM.attributes
                0x0000062d       0x33 c:/nxp/lpcxpresso_8.2.2_650/lpcxpresso/tools/bin/../lib/gcc/arm-none-eabi/5.4.1/../../../../arm-none-eabi/lib/armv7-m\libcr_c.a(strlen.o)
 .ARM.attributes
                0x00000660       0x33 c:/nxp/lpcxpresso_8.2.2_650/lpcxpresso/tools/bin/../lib/gcc/arm-none-eabi/5.4.1/../../../../arm-none-eabi/lib/armv7-m\libcr_c.a(__init_alloc.o)
 .ARM.attributes
                0x00000693       0x33 c:/nxp/lpcxpresso_8.2.2_650/lpcxpresso/tools/bin/../lib/gcc/arm-none-eabi/5.4.1/../../../../arm-none-eabi/lib/armv7-m\libcr_c.a(_cr_sbrk.o)
 .ARM.attributes
                0x000006c6       0x33 c:/nxp/lpcxpresso_8.2.2_650/lpcxpresso/tools/bin/../lib/gcc/arm-none-eabi/5.4.1/../../../../arm-none-eabi/lib/armv7-m\libcr_c.a(_do_fflush.o)
 .ARM.attributes
                0x000006f9       0x33 c:/nxp/lpcxpresso_8.2.2_650/lpcxpresso/tools/bin/../lib/gcc/arm-none-eabi/5.4.1/../../../../arm-none-eabi/lib/armv7-m\libcr_c.a(errno.o)
 .ARM.attributes
                0x0000072c       0x33 c:/nxp/lpcxpresso_8.2.2_650/lpcxpresso/tools/bin/../lib/gcc/arm-none-eabi/5.4.1/../../../../arm-none-eabi/lib/armv7-m\libcr_c.a(_cr_check_heap.o)
 .ARM.attributes
                0x0000075f       0x21 c:/nxp/lpcxpresso_8.2.2_650/lpcxpresso/tools/bin/../lib/gcc/arm-none-eabi/5.4.1/armv7-m\libcr_eabihelpers.a(memcpy.o)
 .ARM.attributes
                0x00000780       0x33 c:/nxp/lpcxpresso_8.2.2_650/lpcxpresso/tools/bin/../lib/gcc/arm-none-eabi/5.4.1/../../../../arm-none-eabi/lib/armv7-m\libcr_nohost.a(__sys_appexit.o)
 .ARM.attributes
                0x000007b3       0x33 c:/nxp/lpcxpresso_8.2.2_650/lpcxpresso/tools/bin/../lib/gcc/arm-none-eabi/5.4.1/../../../../arm-none-eabi/lib/armv7-m\libcr_nohost.a(__sys_close.o)
 .ARM.attributes
                0x000007e6       0x33 c:/nxp/lpcxpresso_8.2.2_650/lpcxpresso/tools/bin/../lib/gcc/arm-none-eabi/5.4.1/../../../../arm-none-eabi/lib/armv7-m\libcr_nohost.a(__sys_flen.o)
 .ARM.attributes
                0x00000819       0x33 c:/nxp/lpcxpresso_8.2.2_650/lpcxpresso/tools/bin/../lib/gcc/arm-none-eabi/5.4.1/../../../../arm-none-eabi/lib/armv7-m\libcr_nohost.a(__sys_istty.o)
 .ARM.attributes
                0x0000084c       0x33 c:/nxp/lpcxpresso_8.2.2_650/lpcxpresso/tools/bin/../lib/gcc/arm-none-eabi/5.4.1/../../../../arm-none-eabi/lib/armv7-m\libcr_nohost.a(__sys_remove.o)
 .ARM.attributes
                0x0000087f       0x33 c:/nxp/lpcxpresso_8.2.2_650/lpcxpresso/tools/bin/../lib/gcc/arm-none-eabi/5.4.1/../../../../arm-none-eabi/lib/armv7-m\libcr_nohost.a(__sys_seek.o)
 .ARM.attributes
                0x000008b2       0x33 c:/nxp/lpcxpresso_8.2.2_650/lpcxpresso/tools/bin/../lib/gcc/arm-none-eabi/5.4.1/../../../../arm-none-eabi/lib/armv7-m\libcr_nohost.a(__sys_time.o)
 .ARM.attributes
                0x000008e5       0x33 c:/nxp/lpcxpresso_8.2.2_650/lpcxpresso/tools/bin/../lib/gcc/arm-none-eabi/5.4.1/../../../../arm-none-eabi/lib/armv7-m\libcr_nohost.a(__sys_tmpnam.o)
 .ARM.attributes
                0x00000918       0x33 c:/nxp/lpcxpresso_8.2.2_650/lpcxpresso/tools/bin/../lib/gcc/arm-none-eabi/5.4.1/../../../../arm-none-eabi/lib/armv7-m\libcr_nohost.a(__sys_write.o)

.debug_frame    0x00000000     0x18d8
 .debug_frame   0x00000000      0x1b8 ./trace/trcKernelPort.o
 .debug_frame   0x000001b8      0x85c ./trace/trcSnapshotRecorder.o
 .debug_frame   0x00000a14      0x200 ./inc/serial.o
 .debug_frame   0x00000c14       0x94 ./Parte_3.o
 .debug_frame   0x00000ca8      0x120 ./cr_startup_lpc17.o
 .debug_frame   0x00000dc8      0x320 C:\Users\leo\Documents\LPCXpresso_8.2.2_650\workspace\CMSISv1p30_LPC17xx\Debug\libCMSISv1p30_LPC17xx.a(core_cm3.o)
 .debug_frame   0x000010e8       0x50 C:\Users\leo\Documents\LPCXpresso_8.2.2_650\workspace\CMSISv1p30_LPC17xx\Debug\libCMSISv1p30_LPC17xx.a(system_LPC17xx.o)
 .debug_frame   0x00001138      0x100 C:\Users\leo\Documents\LPCXpresso_8.2.2_650\workspace\FreeRTOS_Library\Debug\libFreeRTOS_Library.a(port.o)
 .debug_frame   0x00001238      0x238 C:\Users\leo\Documents\LPCXpresso_8.2.2_650\workspace\FreeRTOS_Library\Debug\libFreeRTOS_Library.a(queue.o)
 .debug_frame   0x00001470      0x38c C:\Users\leo\Documents\LPCXpresso_8.2.2_650\workspace\FreeRTOS_Library\Debug\libFreeRTOS_Library.a(tasks.o)
 .debug_frame   0x000017fc       0x70 C:\Users\leo\Documents\LPCXpresso_8.2.2_650\workspace\FreeRTOS_Library\Debug\libFreeRTOS_Library.a(heap_2.o)
 .debug_frame   0x0000186c       0x6c C:\Users\leo\Documents\LPCXpresso_8.2.2_650\workspace\FreeRTOS_Library\Debug\libFreeRTOS_Library.a(list.o)

.debug_loc      0x00000000     0x2067
 .debug_loc     0x00000000       0x80 C:\Users\leo\Documents\LPCXpresso_8.2.2_650\workspace\FreeRTOS_Library\Debug\libFreeRTOS_Library.a(port.o)
 .debug_loc     0x00000080      0xdf2 C:\Users\leo\Documents\LPCXpresso_8.2.2_650\workspace\FreeRTOS_Library\Debug\libFreeRTOS_Library.a(queue.o)
 .debug_loc     0x00000e72      0xf55 C:\Users\leo\Documents\LPCXpresso_8.2.2_650\workspace\FreeRTOS_Library\Debug\libFreeRTOS_Library.a(tasks.o)
 .debug_loc     0x00001dc7      0x23b C:\Users\leo\Documents\LPCXpresso_8.2.2_650\workspace\FreeRTOS_Library\Debug\libFreeRTOS_Library.a(heap_2.o)
 .debug_loc     0x00002002       0x65 C:\Users\leo\Documents\LPCXpresso_8.2.2_650\workspace\FreeRTOS_Library\Debug\libFreeRTOS_Library.a(list.o)
